src/contexts/LanguageContext.tsx(1,54): error TS6133: 'useEffect' is declared but its value is never read.
